AboutWindow|Interfaces/AboutWindow.xib
AdvancedWorkingDirectoryWindow|Interfaces/AdvancedWorkingDirectoryWindow.xib
Autocomplete|Interfaces/Autocomplete.xib
BulkCopyProfilePreferences|Interfaces/BulkCopyProfilePreferences.xib
CommandHistoryPopup|Interfaces/CommandHistoryPopup.xib
DirectoriesPopup|Interfaces/DirectoriesPopup.xib
FindView|Interfaces/FindView.xib
InstantReplay|Interfaces/InstantReplay.xib
iTermEditKeyActionWindowController|Interfaces/iTermEditKeyActionWindowController.xib
iTermKeyMapping|Interfaces/iTermKeyMapping.xib
iTermOpenQuicklyWindowController|Interfaces/iTermOpenQuicklyWindowController.xib
iTermParameterPanelWindowController|Interfaces/iTermParameterPanelWindowController.xib
iTermPasswordManager|Interfaces/iTermPasswordManager.xib
iTermPasteSpecialViewController|Interfaces/iTermPasteSpecialViewController.xib
iTermPasteSpecialWindow|Interfaces/iTermPasteSpecialWindow.xib
iTermTriggersPanel|Interfaces/iTermTriggersPanel.xib
iTermWindowShortcutAccessoryView|Interfaces/iTermWindowShortcutAccessoryView.xib
MainMenu|Interfaces/MainMenu.xib
MinimalFindView|Interfaces/MinimalFindView.xib
MinimalPasteView|Interfaces/MinimalPasteView.xib
MiniPasteView|Interfaces/MiniPasteView.xib
NumberOfSpacesAccessoryView|Interfaces/NumberOfSpacesAccessoryView.xib
PasteboardHistory|Interfaces/PasteboardHistory.xib
PasteView|Interfaces/PasteView.xib
PreferencePanel|Interfaces/PreferencePanel.xib
ProfilesWindow|Interfaces/ProfilesWindow.xib
PseudoTerminal|Interfaces/PseudoTerminal.xib
SplitPanel|Interfaces/SplitPanel.xib
TmuxDashboard|Interfaces/TmuxDashboard.xib
AITerm|sources/AITerm.xib
CommandInfoViewController|sources/CommandInfoViewController.xib
iTermActionsEditingViewController|sources/iTermActionsEditingViewController.xib
iTermAdvancedGPUSettingsWindowController|sources/iTermAdvancedGPUSettingsWindowController.xib
iTermBadgeConfigurationWindowController|sources/iTermBadgeConfigurationWindowController.xib
iTermBuildingScriptWindowController|sources/iTermBuildingScriptWindowController.xib
iTermDependencyEditorWindowController|sources/iTermDependencyEditorWindowController.xib
iTermEditSnippetWindowController|sources/iTermEditSnippetWindowController.xib
iTermGlobalSearch|sources/iTermGlobalSearch.xib
iTermHelpMessageViewController|sources/iTermHelpMessageViewController.xib
iTermHotkeyPreferencesWindowController|sources/iTermHotkeyPreferencesWindowController.xib
iTermJobTreeViewController|sources/iTermJobTreeViewController.xib
iTermMiniSearchFieldViewController|sources/iTermMiniSearchFieldViewController.xib
iTermOnboardingWindowController|sources/iTermOnboardingWindowController.xib
iTermOptionalComponentDownloadWindowController|sources/iTermOptionalComponentDownloadWindowController.xib
iTermPreferencesSearchEngineResultsWindowController|sources/iTermPreferencesSearchEngineResultsWindowController.xib
iTermPrintAccessoryViewController|sources/iTermPrintAccessoryViewController.xib
iTermSavePanelFileFormatAccessory|sources/iTermSavePanelFileFormatAccessory.xib
iTermScriptConsole|sources/iTermScriptConsole.xib
iTermScriptInspector|sources/iTermScriptInspector.xib
iTermScriptTemplatePickerWindowController|sources/iTermScriptTemplatePickerWindowController.xib
iTermShellIntegrationWindowController|sources/iTermShellIntegrationWindowController.xib
iTermSnippetsEditingViewController|sources/iTermSnippetsEditingViewController.xib
iTermsStatusBarComposerViewController|sources/iTermsStatusBarComposerViewController.xib
iTermStatusBarKnobCheckboxViewController|sources/iTermStatusBarKnobCheckboxViewController.xib
iTermStatusBarKnobColorViewController|sources/iTermStatusBarKnobColorViewController.xib
iTermStatusBarKnobFontViewController|sources/iTermStatusBarKnobFontViewController.xib
iTermStatusBarKnobNumericViewController|sources/iTermStatusBarKnobNumericViewController.xib
iTermStatusBarKnobTextViewController|sources/iTermStatusBarKnobTextViewController.xib
iTermStatusBarLargeComposerViewController|sources/iTermStatusBarLargeComposerViewController.xib
iTermStatusBarSetupCollectionViewItem|sources/iTermStatusBarSetupCollectionViewItem.xib
iTermStatusBarSetupConfigureComponentWindowController|sources/iTermStatusBarSetupConfigureComponentWindowController.xib
iTermStatusBarSetupViewController|sources/iTermStatusBarSetupViewController.xib
iTermTipCardViewController|sources/iTermTipCardViewController.xib
iTermTipWindowController|sources/iTermTipWindowController.xib
MiniFilterViewController|sources/MiniFilterViewController.xib
SpecialExceptionsWindowController|sources/SpecialExceptionsWindowController.xib
SSHConfigurationWindow|sources/SSHConfigurationWindow.xib
